// Jest Snapshot v1, https://goo.gl/fbAQLP

exports[`LoginBox renders a button after the input if buttonAfter is passed 1`] = `
.c0.content {
  background-color: #fff;
  border: 1px solid #cdcdcd;
  margin-bottom: 9px;
  border-radius: 4px;
}

.c1 {
  padding: 15px;
  background-color: #fff;
  border: 1px solid #cdcdcd;
  border-radius: 4px;
  box-shadow: 0 0 21px rgba(0,0,0,0.75);
  margin-top: 120px;
}

<div>
  <div
    class="container"
  >
    <div
      class="c0 row"
    >
      <div
        class="c1 col-md-4 col-md-offset-4 col-xs-6 col-xs-offset-3"
      >
        <div />
      </div>
    </div>
  </div>
</div>
`;
