// Jest Snapshot v1, https://goo.gl/fbAQLP

exports[`<Pagination /> should display Pagination 1`] = `
.c0.pagination {
  font-size: 0.889rem;
}

.c0.pagination > li > a,
.c0.pagination > li > span {
  color: #1f1f1f;
  background-color: #fff;
  border-color: #cdcdcd;
}

.c0.pagination > li > a:hover,
.c0.pagination > li > span:hover,
.c0.pagination > li > a:focus,
.c0.pagination > li > span:focus {
  color: #1f1f1f;
  background-color: #e6e6e6;
  border-color: #cdcdcd;
}

.c0.pagination > li.active > a,
.c0.pagination > li.active > span,
.c0.pagination > li.active > a:hover,
.c0.pagination > li.active > span:hover,
.c0.pagination > li.active > a:focus,
.c0.pagination > li.active > span:focus {
  color: #1f1f1f;
  background-color: #eff2f8;
  border-color: #bdc8e4;
}

.c0.pagination > li.disabled > a,
.c0.pagination > li.disabled > a:hover,
.c0.pagination > li.disabled > a:focus,
.c0.pagination > li.disabled > span,
.c0.pagination > li.disabled > span:hover,
.c0.pagination > li.disabled > span:focus {
  color: #b4b4b4;
  background-color: #ffffff;
  border-color: #e6e6e6;
}

<ul
  class="c0 pagination"
  data-testid="graylog-pagination"
>
  <li
    aria-label="First"
    class="disabled"
  >
    <span>
      <svg
        class="svg-inline--fa fa-angle-double-left"
      />
    </span>
  </li>
  <li
    aria-label="Prev"
    class="disabled"
  >
    <span>
      <svg
        class="svg-inline--fa fa-angle-left"
      />
    </span>
  </li>
  <li
    class="active"
  >
    <span>
      1
      <span
        class="sr-only"
      >
        (current)
      </span>
    </span>
  </li>
  <li
    class=""
  >
    <a
      href="#"
      role="button"
    >
      2
    </a>
  </li>
  <li
    class=""
  >
    <a
      href="#"
      role="button"
    >
      3
    </a>
  </li>
  <li
    class=""
  >
    <a
      href="#"
      role="button"
    >
      4
    </a>
  </li>
  <li
    class=""
  >
    <a
      href="#"
      role="button"
    >
      5
    </a>
  </li>
  <li
    aria-label="Next"
    class=""
  >
    <a
      href="#"
      role="button"
    >
      <svg
        class="svg-inline--fa fa-angle-right"
      />
    </a>
  </li>
  <li
    aria-label="Last"
    class=""
  >
    <a
      href="#"
      role="button"
    >
      <svg
        class="svg-inline--fa fa-angle-double-right"
      />
    </a>
  </li>
</ul>
`;
